MySQL Shell 8.0.38

Copyright (c) 2016, 2024, Oracle and/or its affiliates.
Oracle is a registered trademark of Oracle Corporation and/or its affiliates.
Other names may be trademarks of their respective owners.

Type '\help' or '\?' for help; '\quit' to exit.
 MySQL  JS > \c
\connect [--mx|--mysqlx|--mc|--mysql] [--ssh <sshuri>] <URI>
 MySQL  JS > \c --mysql
Creating a Classic session to 'patil@localhost'
Please provide the password for 'patil@localhost': *******
MySQL Error 1045 (28000): Access denied for user 'patil'@'localhost' (using password: YES)
 MySQL  JS > \c 'root'@'localhost'
Creating a session to ''root'@'localhost''
Please provide the password for ''root'@'localhost'': *******
MySQL Error 2005: No such host is known ''localhost''
 MySQL  JS > \c root@localhost
Creating a session to 'root@localhost'
Please provide the password for 'root@localhost': *******
Save password for 'root@localhost'? [Y]es/[N]o/Ne[v]er (default No): y
Fetching schema names for auto-completion... Press ^C to stop.
Your MySQL connection id is 47 (X protocol)
Server version: 8.0.38 MySQL Community Server - GPL
No default schema selected; type \use <schema> to set one.
 MySQL  localhost:33060+ ssl  JS > \sql
Switching to SQL mode... Commands end with ;
Fetching global names for auto-completion... Press ^C to stop.
 MySQL  localhost:33060+ ssl  SQL > show databases;
+--------------------+
| Database           |
+--------------------+
| codechef           |
| employeesch        |
| information_schema |
| mysql              |
| performance_schema |
| sys                |
| te31156_db         |
+--------------------+
7 rows in set (0.0011 sec)
 MySQL  localhost:33060+ ssl  SQL > usw te31156_db
                                 -> ;
ERROR: 1064: You have an error in your SQL syntax; check the manual that corresponds to your MySQL server version for the right syntax to use near 'usw te31156_db' at line 1
 MySQL  localhost:33060+ ssl  SQL > use te31156_db ;
Default schema set to `te31156_db`.
Fetching global names, object names from `te31156_db` for auto-completion... Press ^C to stop.
 MySQL  localhost:33060+ ssl  te31156_db  SQL > show tables;
+----------------------+
| Tables_in_te31156_db |
+----------------------+
| placementdrive       |
| student              |
| training             |
+----------------------+
3 rows in set (0.0016 sec)
 MySQL  localhost:33060+ ssl  te31156_db  SQL > use assn2b_db;
MySQL Error 1049: Unknown database 'assn2b_db'
 MySQL  localhost:33060+ ssl  te31156_db  SQL > create database assn2b_db;
Query OK, 1 row affected (0.0154 sec)
 MySQL  localhost:33060+ ssl  te31156_db  SQL > use assn2b_db;
Default schema set to `assn2b_db`.
Fetching global names, object names from `assn2b_db` for auto-completion... Press ^C to stop.
 MySQL  localhost:33060+ ssl  assn2b_db  SQL > show tables;
Empty set (0.0017 sec)
 MySQL  localhost:33060+ ssl  assn2b_db  SQL > CREATE TABLE Student (
                                            -> s_id INT PRIMARY AUTO_INCREMENT,
                                            -> Drive_id INT,
                                            -> T_id INT,
                                            -> s_name varchar(50) NOT NULL,
                                            -> CGPA DECIMAL(3,2) CHECK (CGPA >= 0 AND CGPA <= 10),
                                            -> s_branch VARCHAR(50),
                                            -> s_dob DATE,
                                            -> FOREIGN KEY (Drive_id) REFERENCES PlacementDrive(Drive_id) ON DELETE CASCADE,
                                            -> FOREIGN KEY (T_id) REFERENCES Training(T_id) ON DELETE SET NULL
                                            -> );
ERROR: 1064: You have an error in your SQL syntax; check the manual that corresponds to your MySQL server version for the right syntax to use near 'AUTO_INCREMENT,
Drive_id INT,
T_id INT,
s_name varchar(50) NOT NULL,
CGPA DECIMA' at line 2
 MySQL  localhost:33060+ ssl  assn2b_db  SQL > CREATE TABLE Student ( s_id INT PRIMARY KEY AUTO_INCREMENT, Drive_id INT, T_id INT, s_name varchar(50) NOT NULL, CGPA DECIMAL(3,2) CHECK (CGPA >= 0 AND CGPA <= 10), s_branch VARCHAR(50), s_dob DATE, FOREIGN KEY (Drive_id) REFERENCES PlacementDrive(Drive_id) ON DELETE CASCADE, FOREIGN KEY (T_id) REFERENCES Training(T_id) ON DELETE SET NULL );
ERROR: 1824: Failed to open the referenced table 'placementdrive'
 MySQL  localhost:33060+ ssl  assn2b_db  SQL > CREATE TABLE Student ( s_id INT PRIMARY KEY AUTO_INCREMENT, Drive_id INT, T_id INT, s_name varchar(50) NOT NULL, CGPA DECIMAL(3,2) CHECK (CGPA >= 0 AND CGPA <= 10), s_branch VARCHAR(50), s_dob DATE, FOREIGN KEY (Drive_id) REFERENCES PlacementDrive(Drive_id) ON DELETE CASCADE, FOREIGN KEY (T_id) REFERENCES Training(T_id) ON DELETE SET NULL )
                                            -> CREATE TABLE PlacementDrive ( Drive_id INT PRIMARY KEY AUTO_INCREMENT, Pcompany_name VARCHAR(50) NOT NULL, package DECIMAL(10,2) CHECK (package>=0), location VARCHAR(50) );
ERROR: 1064: You have an error in your SQL syntax; check the manual that corresponds to your MySQL server version for the right syntax to use near 'CREATE TABLE PlacementDrive ( Drive_id INT PRIMARY KEY AUTO_INCREMENT, Pcompany_' at line 2
 MySQL  localhost:33060+ ssl  assn2b_db  SQL > CREATE TABLE Student (
                                            ->     s_id INT PRIMARY KEY AUTO_INCREMENT,
                                            ->     Drive_id INT,
                                            ->     T_id INT,
                                            ->     s_name VARCHAR(100) NOT NULL,
                                            ->     CGPA DECIMAL(3, 2) CHECK (CGPA >= 0 AND CGPA <= 4),
                                            ->     s_branch VARCHAR(50),
                                            ->     S_dob DATE,
                                            ->     FOREIGN KEY (Drive_id) REFERENCES PlacementDrive(Drive_id) ON DELETE CASCADE,
                                            ->     FOREIGN KEY (T_id) REFERENCES Training(T_id) ON DELETE SET NULL
                                            -> );
ERROR: 1824: Failed to open the referenced table 'placementdrive'
 MySQL  localhost:33060+ ssl  assn2b_db  SQL >
 MySQL  localhost:33060+ ssl  assn2b_db  SQL > CREATE TABLE PlacementDrive (
                                            ->     Drive_id INT PRIMARY KEY AUTO_INCREMENT,
                                            ->     Pcompany_name VARCHAR(100) NOT NULL,
                                            ->     package DECIMAL(10, 2) CHECK (package >= 0),
                                            ->     location VARCHAR(100)
                                            -> );
Query OK, 0 rows affected (0.0411 sec)
 MySQL  localhost:33060+ ssl  assn2b_db  SQL >
 MySQL  localhost:33060+ ssl  assn2b_db  SQL > CREATE TABLE Training (
                                            ->     T_id INT PRIMARY KEY AUTO_INCREMENT,
                                            ->     Tcompany_name VARCHAR(100) NOT NULL,
                                            ->     T_Fee DECIMAL(10, 2) CHECK (T_Fee >= 0),
                                            ->     T_year INT CHECK (T_year > 2000)
                                            -> );
Query OK, 0 rows affected (0.0334 sec)
 MySQL  localhost:33060+ ssl  assn2b_db  SQL > SHOW TABLES;
+---------------------+
| Tables_in_assn2b_db |
+---------------------+
| placementdrive      |
| training            |
+---------------------+
2 rows in set (0.0017 sec)
 MySQL  localhost:33060+ ssl  assn2b_db  SQL > CREATE TABLE Student (     s_id INT PRIMARY KEY AUTO_INCREMENT,     Drive_id INT,     T_id INT,     s_name VARCHAR(100) NOT NULL,     CGPA DECIMAL(3, 2) CHECK (CGPA >= 0 AND CGPA <= 10),     s_branch VARCHAR(50),     S_dob DATE,     FOREIGN KEY (Drive_id) REFERENCES PlacementDrive(Drive_id) ON DELETE CASCADE,     FOREIGN KEY (T_id) REFERENCES Training(T_id) ON DELETE SET NULL );
Query OK, 0 rows affected (0.0481 sec)
 MySQL  localhost:33060+ ssl  assn2b_db  SQL > SHOW TABLES;
+---------------------+
| Tables_in_assn2b_db |
+---------------------+
| placementdrive      |
| student             |
| training            |
+---------------------+
3 rows in set (0.0019 sec)
 MySQL  localhost:33060+ ssl  assn2b_db  SQL > DESC Student;
+----------+--------------+------+-----+---------+----------------+
| Field    | Type         | Null | Key | Default | Extra          |
+----------+--------------+------+-----+---------+----------------+
| s_id     | int          | NO   | PRI | NULL    | auto_increment |
| Drive_id | int          | YES  | MUL | NULL    |                |
| T_id     | int          | YES  | MUL | NULL    |                |
| s_name   | varchar(100) | NO   |     | NULL    |                |
| CGPA     | decimal(3,2) | YES  |     | NULL    |                |
| s_branch | varchar(50)  | YES  |     | NULL    |                |
| S_dob    | date         | YES  |     | NULL    |                |
+----------+--------------+------+-----+---------+----------------+
7 rows in set (0.0026 sec)
 MySQL  localhost:33060+ ssl  assn2b_db  SQL > DESC PlacementDrive;
+---------------+---------------+------+-----+---------+----------------+
| Field         | Type          | Null | Key | Default | Extra          |
+---------------+---------------+------+-----+---------+----------------+
| Drive_id      | int           | NO   | PRI | NULL    | auto_increment |
| Pcompany_name | varchar(100)  | NO   |     | NULL    |                |
| package       | decimal(10,2) | YES  |     | NULL    |                |
| location      | varchar(100)  | YES  |     | NULL    |                |
+---------------+---------------+------+-----+---------+----------------+
4 rows in set (0.0022 sec)
 MySQL  localhost:33060+ ssl  assn2b_db  SQL > DESC Training;
+---------------+---------------+------+-----+---------+----------------+
| Field         | Type          | Null | Key | Default | Extra          |
+---------------+---------------+------+-----+---------+----------------+
| T_id          | int           | NO   | PRI | NULL    | auto_increment |
| Tcompany_name | varchar(100)  | NO   |     | NULL    |                |
| T_Fee         | decimal(10,2) | YES  |     | NULL    |                |
| T_year        | int           | YES  |     | NULL    |                |
+---------------+---------------+------+-----+---------+----------------+
4 rows in set (0.0022 sec)
 MySQL  localhost:33060+ ssl  assn2b_db  SQL > CREATE VIEW SimpleStudentPlacement AS
                                            -> SELECT
                                            ->     s.s_name,
                                            ->     s.CGPA,
                                            ->     pd.Pcompany_name,
                                            ->     t.Tcompany_name
                                            -> FROM
                                            ->     Student s
                                            -> LEFT JOIN
                                            ->     PlacementDrive pd ON s.Drive_id = pd.Drive_id
                                            -> LEFT JOIN
                                            ->     Training t ON s.T_id = t.T_id;
Query OK, 0 rows affected (0.0150 sec)
 MySQL  localhost:33060+ ssl  assn2b_db  SQL > CREATE INDEX idx_student_branch ON Student (s_branch);
Query OK, 0 rows affected (0.0460 sec)

Records: 0  Duplicates: 0  Warnings: 0
 MySQL  localhost:33060+ ssl  assn2b_db  SQL > INSERT INTO PlacementDrive (Pcompany_name, package, location) VALUES
                                            -> ('Tata Consultancy Services', 60000.00, 'Mumbai'),
                                            -> ('Infosys', 55000.00, 'Bangalore'),
                                            -> ('Wipro', 50000.00, 'Hyderabad'),
                                            -> ('Cognizant', 40000.00, 'Chennai'),
                                            -> ('Accenture', 30000.00, 'Pune');
Query OK, 5 rows affected (0.0120 sec)

Records: 5  Duplicates: 0  Warnings: 0
 MySQL  localhost:33060+ ssl  assn2b_db  SQL > INSERT INTO Training (Tcompany_name, T_Fee, T_year) VALUES
                                            -> ('NIIT', 15000.00, 2018),
                                            -> ('Edureka', 20000.00, 2020),
                                            -> ('Skillshare', 10000.00, 2021),
                                            -> ('Coursera', 12000.00, 2019),
                                            -> ('Udacity', 18000.00, 2022);
Query OK, 5 rows affected (0.0068 sec)

Records: 5  Duplicates: 0  Warnings: 0
 MySQL  localhost:33060+ ssl  assn2b_db  SQL > INSERT INTO Student (Drive_id, T_id, s_name, CGPA, s_branch, S_dob) VALUES
                                            -> (1, 1, 'Rahul Sharma', 9.2, 'Computer Science', '2000-01-10'),
                                            -> (2, 2, 'Priya Singh', 8.5, 'Information Technology', '1999-04-15'),
                                            -> (3, 3, 'Ananya Gupta', 9.0, 'Electronics', '1998-08-20'),
                                            -> (4, 4, 'Vikram Rao', 7.8, 'Mechanical Engineering', '2001-03-22'),
                                            -> (5, 5, 'Sneha Desai', 8.0, 'Civil Engineering', '1999-12-05'),
                                            -> (1, 1, 'Amit Kumar', 7.5, 'Computer Science', '2000-07-30'),
                                            -> (2, 2, 'Neha Mehta', 6.8, 'Information Technology', '1999-10-12'),
                                            -> (3, 3, 'Suresh Patil', 6.5, 'Electronics', '2001-02-28'),
                                            -> (4, 4, 'Kavita Joshi', 9.1, 'Mechanical Engineering', '1998-05-18'),
                                            -> (5, 5, 'Ravi Nair', 8.7, 'Civil Engineering', '1999-11-14'),
                                            -> (1, 1, 'Deepika Bhardwaj', 7.2, 'Computer Science', '2000-06-25'),
                                            -> (2, 2, 'Rahul Iyer', 8.3, 'Information Technology', '1999-09-03'),
                                            -> (3, 3, 'Anil Reddy', 8.4, 'Electronics', '2001-04-11'),
                                            -> (4, 4, 'Pooja Verma', 8.9, 'Mechanical Engineering', '2000-08-07'),
                                            -> (5, 5, 'Siddharth Singh', 7.6, 'Civil Engineering', '1999-02-17');
Query OK, 15 rows affected (0.0070 sec)

Records: 15  Duplicates: 0  Warnings: 0
 MySQL  localhost:33060+ ssl  assn2b_db  SQL > show view
                                            -> ;
ERROR: 1064: You have an error in your SQL syntax; check the manual that corresponds to your MySQL server version for the right syntax to use near 'view' at line 1
 MySQL  localhost:33060+ ssl  assn2b_db  SQL > show view SimpleStudentPlacement;
ERROR: 1064: You have an error in your SQL syntax; check the manual that corresponds to your MySQL server version for the right syntax to use near 'view SimpleStudentPlacement' at line 1
 MySQL  localhost:33060+ ssl  assn2b_db  SQL > show views ;
ERROR: 1064: You have an error in your SQL syntax; check the manual that corresponds to your MySQL server version for the right syntax to use near 'views' at line 1
 MySQL  localhost:33060+ ssl  assn2b_db  SQL > select * from Student;
+------+----------+------+------------------+------+------------------------+------------+
| s_id | Drive_id | T_id | s_name           | CGPA | s_branch               | S_dob      |
+------+----------+------+------------------+------+------------------------+------------+
|    1 |        1 |    1 | Rahul Sharma     | 9.20 | Computer Science       | 2000-01-10 |
|    2 |        2 |    2 | Priya Singh      | 8.50 | Information Technology | 1999-04-15 |
|    3 |        3 |    3 | Ananya Gupta     | 9.00 | Electronics            | 1998-08-20 |
|    4 |        4 |    4 | Vikram Rao       | 7.80 | Mechanical Engineering | 2001-03-22 |
|    5 |        5 |    5 | Sneha Desai      | 8.00 | Civil Engineering      | 1999-12-05 |
|    6 |        1 |    1 | Amit Kumar       | 7.50 | Computer Science       | 2000-07-30 |
|    7 |        2 |    2 | Neha Mehta       | 6.80 | Information Technology | 1999-10-12 |
|    8 |        3 |    3 | Suresh Patil     | 6.50 | Electronics            | 2001-02-28 |
|    9 |        4 |    4 | Kavita Joshi     | 9.10 | Mechanical Engineering | 1998-05-18 |
|   10 |        5 |    5 | Ravi Nair        | 8.70 | Civil Engineering      | 1999-11-14 |
|   11 |        1 |    1 | Deepika Bhardwaj | 7.20 | Computer Science       | 2000-06-25 |
|   12 |        2 |    2 | Rahul Iyer       | 8.30 | Information Technology | 1999-09-03 |
|   13 |        3 |    3 | Anil Reddy       | 8.40 | Electronics            | 2001-04-11 |
|   14 |        4 |    4 | Pooja Verma      | 8.90 | Mechanical Engineering | 2000-08-07 |
|   15 |        5 |    5 | Siddharth Singh  | 7.60 | Civil Engineering      | 1999-02-17 |
+------+----------+------+------------------+------+------------------------+------------+
15 rows in set (0.0019 sec)
 MySQL  localhost:33060+ ssl  assn2b_db  SQL > select * from PlacementDrive;
+----------+---------------------------+----------+-----------+
| Drive_id | Pcompany_name             | package  | location  |
+----------+---------------------------+----------+-----------+
|        1 | Tata Consultancy Services | 60000.00 | Mumbai    |
|        2 | Infosys                   | 55000.00 | Bangalore |
|        3 | Wipro                     | 50000.00 | Hyderabad |
|        4 | Cognizant                 | 40000.00 | Chennai   |
|        5 | Accenture                 | 30000.00 | Pune      |
+----------+---------------------------+----------+-----------+
5 rows in set (0.0007 sec)
 MySQL  localhost:33060+ ssl  assn2b_db  SQL > select * from Training;
+------+---------------+----------+--------+
| T_id | Tcompany_name | T_Fee    | T_year |
+------+---------------+----------+--------+
|    1 | NIIT          | 15000.00 |   2018 |
|    2 | Edureka       | 20000.00 |   2020 |
|    3 | Skillshare    | 10000.00 |   2021 |
|    4 | Coursera      | 12000.00 |   2019 |
|    5 | Udacity       | 18000.00 |   2022 |
+------+---------------+----------+--------+
5 rows in set (0.0007 sec)
 MySQL  localhost:33060+ ssl  assn2b_db  SQL > CREATE VIEW SimpleStudentPlacement AS
                                            ->                                             -> SELECT
                                            ->                                             ->     s.s_name,
                                            ->                                             ->     s.CGPA,
                                            ->                                             ->     pd.Pcompany_name,
                                            ->                                             ->     t.Tcompany_name
                                            ->                                             -> FROM
                                            ->                                             ->     Student s
                                            ->                                             -> LEFT JOIN
                                            ->                                             ->     PlacementDrive pd ON s.Drive_id = pd.Drive_id
                                            ->                                             -> LEFT JOIN
                                            ->                                             ->     Training t ON s.T_id = t.T_id;
ERROR: 1064: You have an error in your SQL syntax; check the manual that corresponds to your MySQL server version for the right syntax to use near '-> SELECT
                                            ->     s.s_name,
         ' at line 2
 MySQL  localhost:33060+ ssl  assn2b_db  SQL > CREATE VIEW SimpleStudentPlacement AS
                                            -> SELECT
                                            ->     s.s_name,
                                            ->     s.CGPA,
                                            ->     pd.Pcompany_name,
                                            ->     t.Tcompany_name
                                            -> FROM
                                            ->     Student s
                                            -> LEFT JOIN
                                            ->     PlacementDrive pd ON s.Drive_id = pd.Drive_id
                                            -> LEFT JOIN
                                            ->     Training t ON s.T_id = t.T_id;
ERROR: 1050: Table 'SimpleStudentPlacement' already exists
 MySQL  localhost:33060+ ssl  assn2b_db  SQL > select * from SimpleStudentPlacemnt;
ERROR: 1146: Table 'assn2b_db.simplestudentplacemnt' doesn't exist
 MySQL  localhost:33060+ ssl  assn2b_db  SQL > show tables;
+------------------------+
| Tables_in_assn2b_db    |
+------------------------+
| placementdrive         |
| simplestudentplacement |
| student                |
| training               |
+------------------------+
4 rows in set (0.0020 sec)
 MySQL  localhost:33060+ ssl  assn2b_db  SQL > desc SimpleStudentPlacement;
+---------------+--------------+------+-----+---------+-------+
| Field         | Type         | Null | Key | Default | Extra |
+---------------+--------------+------+-----+---------+-------+
| s_name        | varchar(100) | NO   |     | NULL    |       |
| CGPA          | decimal(3,2) | YES  |     | NULL    |       |
| Pcompany_name | varchar(100) | YES  |     | NULL    |       |
| Tcompany_name | varchar(100) | YES  |     | NULL    |       |
+---------------+--------------+------+-----+---------+-------+
4 rows in set (0.0016 sec)
 MySQL  localhost:33060+ ssl  assn2b_db  SQL > select * from SimpleStudentPlacement;
+------------------+------+---------------------------+---------------+
| s_name           | CGPA | Pcompany_name             | Tcompany_name |
+------------------+------+---------------------------+---------------+
| Rahul Sharma     | 9.20 | Tata Consultancy Services | NIIT          |
| Priya Singh      | 8.50 | Infosys                   | Edureka       |
| Ananya Gupta     | 9.00 | Wipro                     | Skillshare    |
| Vikram Rao       | 7.80 | Cognizant                 | Coursera      |
| Sneha Desai      | 8.00 | Accenture                 | Udacity       |
| Amit Kumar       | 7.50 | Tata Consultancy Services | NIIT          |
| Neha Mehta       | 6.80 | Infosys                   | Edureka       |
| Suresh Patil     | 6.50 | Wipro                     | Skillshare    |
| Kavita Joshi     | 9.10 | Cognizant                 | Coursera      |
| Ravi Nair        | 8.70 | Accenture                 | Udacity       |
| Deepika Bhardwaj | 7.20 | Tata Consultancy Services | NIIT          |
| Rahul Iyer       | 8.30 | Infosys                   | Edureka       |
| Anil Reddy       | 8.40 | Wipro                     | Skillshare    |
| Pooja Verma      | 8.90 | Cognizant                 | Coursera      |
| Siddharth Singh  | 7.60 | Accenture                 | Udacity       |
+------------------+------+---------------------------+---------------+
15 rows in set (0.0012 sec)
 MySQL  localhost:33060+ ssl  assn2b_db  SQL > CREATE INDEX idx_student_branch ON Student (s_branch);
ERROR: 1061: Duplicate key name 'idx_student_branch'
 MySQL  localhost:33060+ ssl  assn2b_db  SQL >
